[backblue.gif]
[fade.gif]
[index.html]
[cursosobrancelhasperfeitas.com/feed/index.html]
[cursosobrancelhasperfeitas.com/comments/feed/index.html]
[cursosobrancelhasperfeitas.com/wp-content/plugins/elementor/assets/lib/eicons/fonts/eicons0b93.eot]
[cursosobrancelhasperfeitas.com/wp-json/wp/v2/pages/422.json]
[cursosobrancelhasperfeitas.com/wp-json/index.html]
[cursosobrancelhasperfeitas.com/xmlrpc0db0.php]
[cursosobrancelhasperfeitas.com/wp-includes/wlwmanifest.xml]
[cursosobrancelhasperfeitas.com/wp-json/oembed/1.0/embed3a55.json]
[cursosobrancelhasperfeitas.com/wp-json/oembed/1.0/embed162b]
[cursosobrancelhasperfeitas.com/wp-content/uploads/2021/04/cropped-Favicon_Sobrancelha-1-1-32x32.png]
[cursosobrancelhasperfeitas.com/wp-content/uploads/2021/04/cropped-Favicon_Sobrancelha-1-1-192x192.png]
[cursosobrancelhasperfeitas.com/wp-content/uploads/2021/04/cropped-Favicon_Sobrancelha-1-1-180x180.png]
[cursosobrancelhasperfeitas.com/wp-content/uploads/2021/05/logo-sobrancelhas-3.png]
[cursosobrancelhasperfeitas.com/wp-content/uploads/2021/05/seguro-bronze-2.png]
[cursosobrancelhasperfeitas.com/wp-content/uploads/elementor/thumbs/design_de-sobrancelha2-p6z6tdwmt7lns9h1q41g5vxtztww0chj2quf3ea9hk.jpg]
[cursosobrancelhasperfeitas.com/wp-content/uploads/2021/05/alunaa1.jpg]
[cursosobrancelhasperfeitas.com/wp-content/uploads/2021/05/aluna13.jpg]
[cursosobrancelhasperfeitas.com/wp-content/uploads/2021/05/aluna14.jpg]
[cursosobrancelhasperfeitas.com/wp-content/uploads/2021/05/aluna12.jpg]
[cursosobrancelhasperfeitas.com/wp-content/uploads/2021/05/design_de-sobrancelha2-1-1.jpg]
[cursosobrancelhasperfeitas.com/wp-content/uploads/2021/05/design_de-sobrancelha3-1.jpg]
[cursosobrancelhasperfeitas.com/wp-content/uploads/2021/05/design_de-sobrancelha1-1-1.jpg]
[cursosobrancelhasperfeitas.com/wp-content/uploads/2021/05/design_de-sobrancelha5.jpg]
[cursosobrancelhasperfeitas.com/wp-content/uploads/2021/05/design_de-sobrancelha4-1.jpg]
[cursosobrancelhasperfeitas.com/wp-content/uploads/2021/05/1bn-1024x1024.png]
[cursosobrancelhasperfeitas.com/wp-content/uploads/2021/05/2bn-1024x1024.png]
[cursosobrancelhasperfeitas.com/wp-content/uploads/2021/05/3bn-1024x1024.png]
[cursosobrancelhasperfeitas.com/wp-content/uploads/2021/05/certificado_sobrancelhas-1.png]
[cursosobrancelhasperfeitas.com/wp-content/uploads/2021/05/jessica-foto.png]
[cursosobrancelhasperfeitas.com/wp-content/uploads/2021/05/depoimento_25-1.jpg]
[cursosobrancelhasperfeitas.com/wp-content/uploads/2021/05/depoimento_11-1.jpg]
[cursosobrancelhasperfeitas.com/wp-content/uploads/2021/05/depoimento_17-1.jpg]
[cursosobrancelhasperfeitas.com/wp-content/uploads/2021/05/depoimento_6-1.jpg]
[cursosobrancelhasperfeitas.com/wp-content/uploads/2021/05/depoimento_24-1.jpg]
[cursosobrancelhasperfeitas.com/wp-content/uploads/2021/05/depoimento_1-1.jpg]
[cursosobrancelhasperfeitas.com/wp-content/uploads/2021/05/depoimento_19-1.jpg]
[cursosobrancelhasperfeitas.com/wp-content/uploads/2021/05/depoimento_16-1.jpg]
[cursosobrancelhasperfeitas.com/wp-content/uploads/2021/05/risco-zero-1.png]
[cursosobrancelhasperfeitas.com/wp-content/uploads/2021/05/branquinhu.png]
[cursosobrancelhasperfeitas.com/wp-includes/js/wp-embed.min9f31.js]
[cursosobrancelhasperfeitas.com/wp-content/plugins/elementor/assets/js/webpack.runtime.mine5ca.js]
[cursosobrancelhasperfeitas.com/wp-includes/js/jquery/jquery.min9d52.js]
[cursosobrancelhasperfeitas.com/wp-includes/js/jquery/jquery-migrate.mind617.js]
[cursosobrancelhasperfeitas.com/wp-content/plugins/elementor/assets/js/frontend-modules.mine5ca.js]
[cursosobrancelhasperfeitas.com/wp-content/plugins/elementor-pro/assets/lib/sticky/jquery.sticky.min677a.js]
[cursosobrancelhasperfeitas.com/wp-content/plugins/elementor-pro/assets/js/frontend.min677a.js]
[cursosobrancelhasperfeitas.com/wp-content/plugins/elementor/assets/lib/waypoints/waypoints.min05da.js]
[cursosobrancelhasperfeitas.com/wp-includes/js/jquery/ui/core.min35d0.js]
[cursosobrancelhasperfeitas.com/wp-content/plugins/elementor/assets/lib/swiper/swiper.min48f5.js]
[cursosobrancelhasperfeitas.com/wp-content/plugins/elementor/assets/lib/share-link/share-link.mine5ca.js]
[cursosobrancelhasperfeitas.com/wp-content/plugins/elementor/assets/lib/dialog/dialog.mina288.js]
[cursosobrancelhasperfeitas.com/wp-content/plugins/elementor/assets/js/frontend.mine5ca.js]
[cursosobrancelhasperfeitas.com/wp-content/plugins/elementor/assets/js/preloaded-modules.mine5ca.js]
[cursosobrancelhasperfeitas.com/index4278.html]
[cursosobrancelhasperfeitas.com/wp-includes/css/dist/block-library/style.min9f31.css]
[cursosobrancelhasperfeitas.com/wp-content/themes/hello-elementor/style.min254d.css]
[cursosobrancelhasperfeitas.com/wp-content/themes/hello-elementor/theme.min254d.css]
[cursosobrancelhasperfeitas.com/wp-content/plugins/elementor/assets/lib/eicons/fonts/eiconsa481.eot]
[cursosobrancelhasperfeitas.com/wp-content/plugins/elementor/assets/lib/eicons/fonts/eiconsa481.woff2]
[cursosobrancelhasperfeitas.com/wp-content/plugins/elementor/assets/lib/eicons/fonts/eiconsa481.woff]
[cursosobrancelhasperfeitas.com/wp-content/plugins/elementor/assets/lib/eicons/fonts/eiconsa481.ttf]
[cursosobrancelhasperfeitas.com/wp-content/plugins/elementor/assets/lib/eicons/css/elementor-icons.min21f9.css]
[cursosobrancelhasperfeitas.com/wp-content/plugins/elementor/assets/lib/animations/animations.mine5ca.css]
[cursosobrancelhasperfeitas.com/wp-content/plugins/elementor/assets/css/frontend.mine5ca.css]
[cursosobrancelhasperfeitas.com/wp-content/uploads/elementor/css/post-12992d5a.css]
[cursosobrancelhasperfeitas.com/wp-content/plugins/elementor-pro/assets/css/frontend.min677a.css]
[cursosobrancelhasperfeitas.com/wp-content/uploads/elementor/css/globalb7e6.css]
[cursosobrancelhasperfeitas.com/wp-content/uploads/2021/05/banner-sobrancelhas.jpg]
[cursosobrancelhasperfeitas.com/wp-content/uploads/2021/05/sobrancelhas-bg-eleemtno.png]
[cursosobrancelhasperfeitas.com/wp-content/uploads/elementor/css/post-4225cb8.css]
[cursosobrancelhasperfeitas.com/wp-content/plugins/elementor/assets/lib/font-awesome/css/fontawesome.min9e0b.css]
[cursosobrancelhasperfeitas.com/wp-content/plugins/elementor/assets/lib/font-awesome/webfonts/fa-regular-400.eot]
[cursosobrancelhasperfeitas.com/wp-content/plugins/elementor/assets/lib/font-awesome/webfonts/fa-regular-400d41d.eot]
[cursosobrancelhasperfeitas.com/wp-content/plugins/elementor/assets/lib/font-awesome/webfonts/fa-regular-400.woff2]
[cursosobrancelhasperfeitas.com/wp-content/plugins/elementor/assets/lib/font-awesome/webfonts/fa-regular-400.woff]
[cursosobrancelhasperfeitas.com/wp-content/plugins/elementor/assets/lib/font-awesome/webfonts/fa-regular-400.ttf]
[cursosobrancelhasperfeitas.com/wp-content/plugins/elementor/assets/lib/font-awesome/css/regular.min9e0b.css]
[cursosobrancelhasperfeitas.com/wp-content/plugins/elementor/assets/lib/font-awesome/webfonts/fa-brands-400.eot]
[cursosobrancelhasperfeitas.com/wp-content/plugins/elementor/assets/lib/font-awesome/webfonts/fa-brands-400d41d.eot]
[cursosobrancelhasperfeitas.com/wp-content/plugins/elementor/assets/lib/font-awesome/webfonts/fa-brands-400.woff2]
[cursosobrancelhasperfeitas.com/wp-content/plugins/elementor/assets/lib/font-awesome/webfonts/fa-brands-400.woff]
[cursosobrancelhasperfeitas.com/wp-content/plugins/elementor/assets/lib/font-awesome/webfonts/fa-brands-400.ttf]
[cursosobrancelhasperfeitas.com/wp-content/plugins/elementor/assets/lib/font-awesome/css/brands.min9e0b.css]
[cursosobrancelhasperfeitas.com/wp-content/plugins/elementor/assets/lib/font-awesome/webfonts/fa-solid-900.eot]
[cursosobrancelhasperfeitas.com/wp-content/plugins/elementor/assets/lib/font-awesome/webfonts/fa-solid-900d41d.eot]
[cursosobrancelhasperfeitas.com/wp-content/plugins/elementor/assets/lib/font-awesome/webfonts/fa-solid-900.woff2]
[cursosobrancelhasperfeitas.com/wp-content/plugins/elementor/assets/lib/font-awesome/webfonts/fa-solid-900.woff]
[cursosobrancelhasperfeitas.com/wp-content/plugins/elementor/assets/lib/font-awesome/webfonts/fa-solid-900.ttf]
[cursosobrancelhasperfeitas.com/wp-content/plugins/elementor/assets/lib/font-awesome/css/solid.min9e0b.css]
[cursosobrancelhasperfeitas.com/index.html]
[cursosobrancelhasperfeitas.com/wp-json/wp/v2/pages/648.json]
[cursosobrancelhasperfeitas.com/wp-json/oembed/1.0/embedfb6e.json]
[cursosobrancelhasperfeitas.com/termos-de-uso/index.html]
[cursosobrancelhasperfeitas.com/wp-json/oembed/1.0/embed9bf4]
[cursosobrancelhasperfeitas.com/wp-json/wp/v2/pages/642.json]
[cursosobrancelhasperfeitas.com/wp-json/oembed/1.0/embed7e05.json]
[cursosobrancelhasperfeitas.com/wp-json/oembed/1.0/embedf7b9]
[cursosobrancelhasperfeitas.com/politica-de-privacidade/index.html]
[cursosobrancelhasperfeitas.com/wp-content/plugins/elementor/assets/lib/eicons/fonts/eiconsa481.svg]
[cursosobrancelhasperfeitas.com/wp-content/plugins/elementor/assets/lib/font-awesome/webfonts/fa-regular-400.svg]
[cursosobrancelhasperfeitas.com/wp-content/plugins/elementor/assets/lib/font-awesome/webfonts/fa-brands-400.svg]
[cursosobrancelhasperfeitas.com/wp-content/plugins/elementor/assets/lib/font-awesome/webfonts/fa-solid-900.svg]
[cursosobrancelhasperfeitas.com/wp-content/uploads/elementor/css/post-648c34a.css]
[cursosobrancelhasperfeitas.com/index0ae0.html]
[cursosobrancelhasperfeitas.com/wp-content/uploads/elementor/css/post-6420b48.css]
[cursosobrancelhasperfeitas.com/indexd1c3.html]
